{
  "exclude": {
    "files": "tests/.*|^.secrets.baseline$",
    "lines": null
  },
  "generated_at": "2019-05-22T10:26:24Z",
  "plugins_used": [
    {
      "base64_limit": 4.5,
      "name": "Base64HighEntropyString"
    },
    {
      "name": "BasicAuthDetector"
    },
    {
      "hex_limit": 3,
      "name": "HexHighEntropyString"
    },
    {
      "name": "PrivateKeyDetector"
    }
  ],
  "results": {},
  "version": "0.12.3"
}
